// Jest Snapshot v1, https://goo.gl/fbAQLP

exports[`Test with <GifGridItem /> component renders <GifGridItem /> correctly  1`] = `
<div
  className="card animate__animated animate__fadeIn"
>
  <img
    alt="my image"
    src="https://google.com"
  />
  <p>
    my image
  </p>
</div>
`;
